C51 COMPILER V9.54   KEY                                                                   05/29/2021 13:29:52 PAGE 1   


C51 COMPILER V9.54, COMPILATION OF MODULE KEY
OBJECT MODULE PLACED IN .\Objects\key.obj
COMPILER INVOKED BY: E:\C\keil\C51\BIN\C51.EXE User\key.c OMF2 OPTIMIZE(8,SPEED) BROWSE INCDIR(.\User) DEBUG PRINT(.\Lis
                    -tings\key.lst) TABS(2) OBJECT(.\Objects\key.obj)

line level    source

   1          #include "key.h"
   2          #include <intrins.h>
   3          #define uint unsigned int 
   4          #define uchar unsigned char 
   5          uchar keys[] = {3,4,5,6};
   6          /*****************
   7           延迟
   8          ******************/
   9          void Delay10ms()
  10          {
  11   1        unsigned char i, j;
  12   1      
  13   1        _nop_();
  14   1        _nop_();
  15   1        i = 108;
  16   1        j = 144;
  17   1        do
  18   1        {
  19   2          while (--j);
  20   2        } while (--i);
  21   1      }
  22          /*****************
  23           获取某个p口的某个电平值
  24          ******************/
  25          bit getBit(uchar p, uchar i) {
  26   1        uchar mask = 0x01 << i;
  27   1        switch(p){
  28   2          case 0:
  29   2           return ((P0 & mask) == 0?0:1);
  30   2          case 1: 
  31   2            return ((P1 & mask) == 0?0:1);
  32   2          case 2: 
  33   2            return ((P2 & mask) == 0?0:1);
  34   2          case 3: 
  35   2            return ((P3 & mask) == 0?0:1);
  36   2        }
  37   1        return 0;
  38   1      }
  39          /*****************
  40           扫描按键
  41          ******************/
  42          char scanKey(bit longAble)
  43          {
  44   1        static bit be_state = 0;
  45   1        uchar i;
  46   1        if(longAble)
  47   1          be_state = 1;
  48   1        for(i = 0; i < 4; i++)
  49   1        {
  50   2          if(getBit(3,keys[i]) == 0)
  51   2          {
  52   3            Delay10ms();
  53   3            if(getBit(3,keys[i]) == 0)
  54   3            {
C51 COMPILER V9.54   KEY                                                                   05/29/2021 13:29:52 PAGE 2   

  55   4              if(be_state != 0)
  56   4                return -1;
  57   4              be_state = 1;
  58   4              return i;
  59   4            }
  60   3          }
  61   2        }
  62   1        be_state = 0;
  63   1        return -1;
  64   1      }
  65          /*****************
  66           扫描矩阵按键
  67          ******************/
  68          char scanMatricKey(bit longAble) {
  69   1        static bit be_state = 0;
  70   1        uchar temp, out = 0xfe,mask = 0xef,i, j;
  71   1        if(longAble)
  72   1          be_state = 1;
  73   1        for (i = 0; i < 4; i++) {
  74   2          P3 = _crol_(out, i);
  75   2          temp = P3 & 0xf0;
  76   2          if (temp != 0xf0) {
  77   3            Delay10ms();
  78   3            P3 = _crol_(out, i);
  79   3            temp = P3 & 0xf0;
  80   3            if (temp != 0xf0) {
  81   4              temp = P3;
  82   4              for (j = 0; j < 4; j++) {
  83   5                 if (temp == ((_crol_(out, i) & 0x0f) | (_crol_(mask, j) & 0xf0))) {
  84   6                    if(be_state != 0)
  85   6                      return -1;
  86   6                    be_state = 1;
  87   6                    return i*4+j;
  88   6                 }
  89   5              }
  90   4            }
  91   3          }
  92   2        }
  93   1        be_state = 0;
  94   1        return -1;
  95   1      }


MODULE INFORMATION:   STATIC OVERLAYABLE
   CODE SIZE        =    244    ----
   CONSTANT SIZE    =   ----    ----
   XDATA SIZE       =   ----    ----
   PDATA SIZE       =   ----    ----
   DATA SIZE        =      4    ----
   IDATA SIZE       =   ----    ----
   BIT SIZE         =      2       2
   EDATA SIZE       =   ----    ----
   HDATA SIZE       =   ----    ----
   XDATA CONST SIZE =   ----    ----
   FAR CONST SIZE   =   ----    ----
END OF MODULE INFORMATION.


C51 COMPILATION COMPLETE.  0 WARNING(S),  0 ERROR(S)
